#invoke-custom.dex
0x00001b28 8 TestBadBootstrapArguments$TestersConstantCallSite <init> (Ljava/lang/invoke/MethodHandle;)V TestBadBootstrapArguments.java 449
0x00002554 8 TestBase <init> ()V TestBase.java 19
0x0000256c 68 TestBase assertEquals (BB)V TestBase.java 27
0x000025c0 68 TestBase assertEquals (CC)V TestBase.java 34
0x00002614 72 TestBase assertEquals (DD)V TestBase.java 69
0x0000266c 72 TestBase assertEquals (FF)V TestBase.java 62
0x000026c4 68 TestBase assertEquals (II)V TestBase.java 48
0x00002774 72 TestBase assertEquals (JJ)V TestBase.java 55
0x00002718 76 TestBase assertEquals (Ljava/lang/Object;Ljava/lang/Object;)V TestBase.java 76
0x000027cc 68 TestBase assertEquals (SS)V TestBase.java 41
0x00002820 76 TestBase assertNotEquals (Ljava/lang/Object;Ljava/lang/Object;)V TestBase.java 82
0x0000287c 16 TestBase assertNotReached ()V TestBase.java 88
0x0000289c 52 TestBase assertTrue (Z)V TestBase.java 21
0x000028e0 22 TestBase fail ()V TestBase.java 92
0x00002acc 8 TestInvocationKinds$Widget <init> (I)V TestInvocationKinds.java 177
0x00002ef8 8 TestInvokeCustomWithConcurrentThreads$1 <init> ()V TestInvokeCustomWithConcurrentThreads.java 33
0x00002eb0 26 TestInvokeCustomWithConcurrentThreads$1 initialValue ()Ljava/lang/Integer; TestInvokeCustomWithConcurrentThreads.java 36
0x00002edc 10 TestInvokeCustomWithConcurrentThreads$1 initialValue ()Ljava/lang/Object; TestInvokeCustomWithConcurrentThreads.java 33
0x00003fd8 8 UnrelatedBSM <init> ()V UnrelatedBSM.java 23
0x00003fb4 20 UnrelatedBSM bsm (Ljava/lang/invoke/MethodHandles$Lookup;Ljava/lang/String;Ljava/lang/invoke/MethodType;Ljava/lang/Class;)Ljava/lang/invoke/CallSite; UnrelatedBSM.java 27
0x00001910 8 Main <init> ()V Main.java 21
0x00001928 132 Main TestLinkerMethodMinimalArguments ()V Main.java 49
0x000019e0 44 Main TestLinkerMethodMultipleArgumentTypes ()V Main.java 42
0x00001a1c 156 Main TestUninitializedCallSite ()V Main.java 24
0x00001ae0 56 Main main ([Ljava/lang/String;)V Main.java 78
0x00001d74 8 TestBadBootstrapArguments <init> ()V TestBadBootstrapArguments.java 27
0x00001d8c 16 TestBadBootstrapArguments boxingArguments ()V TestBadBootstrapArguments.java 348
0x00001bc4 170 TestBadBootstrapArguments bsm (Ljava/lang/invoke/MethodHandles$Lookup;Ljava/lang/String;Ljava/lang/invoke/MethodType;ILjava/lang/String;)Ljava/lang/invoke/CallSite; TestBadBootstrapArguments.java 35
0x00001c80 90 TestBadBootstrapArguments bsmDJ (Ljava/lang/invoke/MethodHandles$Lookup;Ljava/lang/String;Ljava/lang/invoke/MethodType;DJ)Ljava/lang/invoke/CallSite; TestBadBootstrapArguments.java 270
0x00001cec 90 TestBadBootstrapArguments bsmDoubleLong (Ljava/lang/invoke/MethodHandles$Lookup;Ljava/lang/String;Ljava/lang/invoke/MethodType;Ljava/lang/Double;Ljava/lang/Long;)Ljava/lang/invoke/CallSite; TestBadBootstrapArguments.java 314
0x00001b6c 26 TestBadBootstrapArguments bsmReturningInteger (Ljava/lang/invoke/MethodHandles$Lookup;Ljava/lang/String;Ljava/lang/invoke/MethodType;)Ljava/lang/Integer; TestBadBootstrapArguments.java 425
0x00001b98 26 TestBadBootstrapArguments bsmReturningObject (Ljava/lang/invoke/MethodHandles$Lookup;Ljava/lang/String;Ljava/lang/invoke/MethodType;)Ljava/lang/Object; TestBadBootstrapArguments.java 402
0x00001b40 28 TestBadBootstrapArguments bsmReturningTestersConstantCallsite (Ljava/lang/invoke/MethodHandles$Lookup;Ljava/lang/String;Ljava/lang/invoke/MethodType;)LTestBadBootstrapArguments$TestersConstantCallSite; TestBadBootstrapArguments.java 455
0x00001dac 16 TestBadBootstrapArguments bsmReturningVoid (Ljava/lang/invoke/MethodHandles$Lookup;Ljava/lang/String;Ljava/lang/invoke/MethodType;)V TestBadBootstrapArguments.java 380
0x00001d58 10 TestBadBootstrapArguments bsmZBCS (Ljava/lang/invoke/MethodHandles$Lookup;Ljava/lang/String;Ljava/lang/invoke/MethodType;ZBCS)Ljava/lang/invoke/CallSite; TestBadBootstrapArguments.java 227
0x00001dcc 16 TestBadBootstrapArguments extraArguments ()V TestBadBootstrapArguments.java 158
0x00001dec 16 TestBadBootstrapArguments happy ()V TestBadBootstrapArguments.java 74
0x00001e0c 8 TestBadBootstrapArguments integerReturnType ()V TestBadBootstrapArguments.java 444
0x00001e24 8 TestBadBootstrapArguments invokeBoxingArguments ()V TestBadBootstrapArguments.java 344
0x00001e3c 8 TestBadBootstrapArguments invokeExtraArguments ()V TestBadBootstrapArguments.java 154
0x00001e54 8 TestBadBootstrapArguments invokeHappy ()V TestBadBootstrapArguments.java 70
0x00001e6c 8 TestBadBootstrapArguments invokeIntegerReturnType ()V TestBadBootstrapArguments.java 440
0x00001e84 8 TestBadBootstrapArguments invokeMissingParameterTypes ()V TestBadBootstrapArguments.java 124
0x00001e9c 8 TestBadBootstrapArguments invokeNarrowArguments ()V TestBadBootstrapArguments.java 256
0x00001eb4 8 TestBadBootstrapArguments invokeObjectReturnType ()V TestBadBootstrapArguments.java 417
0x00001ecc 8 TestBadBootstrapArguments invokeViaCustomCallSiteClass ()V TestBadBootstrapArguments.java 469
0x00001ee4 8 TestBadBootstrapArguments invokeVoidReturnType ()V TestBadBootstrapArguments.java 394
0x00001efc 8 TestBadBootstrapArguments invokeWideningArguments ()V TestBadBootstrapArguments.java 300
0x00001f14 8 TestBadBootstrapArguments invokeWideningBoxingArguments ()V TestBadBootstrapArguments.java 372
0x00001f2c 8 TestBadBootstrapArguments invokeWrongArguments ()V TestBadBootstrapArguments.java 182
0x00001f44 8 TestBadBootstrapArguments invokeWrongArgumentsAgain ()V TestBadBootstrapArguments.java 210
0x00001f5c 8 TestBadBootstrapArguments invokeWrongParameterTypes ()V TestBadBootstrapArguments.java 98
0x00001f74 16 TestBadBootstrapArguments missingParameterTypes ()V TestBadBootstrapArguments.java 128
0x00001f94 8 TestBadBootstrapArguments narrowArguments ()V TestBadBootstrapArguments.java 260
0x00001fac 8 TestBadBootstrapArguments objectReturnType ()V TestBadBootstrapArguments.java 421
0x00001fc4 16 TestBadBootstrapArguments sayHello ()V TestBadBootstrapArguments.java 473
0x00001fe4 1058 TestBadBootstrapArguments test ()V TestBadBootstrapArguments.java 477
0x0000249c 8 TestBadBootstrapArguments voidReturnType ()V TestBadBootstrapArguments.java 398
0x000024b4 16 TestBadBootstrapArguments wideningArguments ()V TestBadBootstrapArguments.java 304
0x000024d4 16 TestBadBootstrapArguments wideningBoxingArguments ()V TestBadBootstrapArguments.java 376
0x000024f4 16 TestBadBootstrapArguments wrongArguments ()V TestBadBootstrapArguments.java 186
0x00002514 16 TestBadBootstrapArguments wrongArgumentsAgain ()V TestBadBootstrapArguments.java 214
0x00002534 16 TestBadBootstrapArguments wrongParameterTypes ()V TestBadBootstrapArguments.java 102
0x000029d8 8 TestDynamicBootstrapArguments <clinit> ()V TestDynamicBootstrapArguments.java 27
0x000029f0 8 TestDynamicBootstrapArguments <init> ()V TestDynamicBootstrapArguments.java 26
0x00002970 86 TestDynamicBootstrapArguments bsm (Ljava/lang/invoke/MethodHandles$Lookup;Ljava/lang/String;Ljava/lang/invoke/MethodType;Ljava/lang/String;J)Ljava/lang/invoke/CallSite; TestDynamicBootstrapArguments.java 36
0x00002908 60 TestDynamicBootstrapArguments targetA100000000 (ILjava/lang/String;Ljava/lang/Double;)I TestDynamicBootstrapArguments.java 71
0x00002a08 50 TestDynamicBootstrapArguments test ()V TestDynamicBootstrapArguments.java 86
0x00002a4c 110 TestDynamicBootstrapArguments testCallSites ()V TestDynamicBootstrapArguments.java 80
0x00002954 10 TestDynamicBootstrapArguments testDynamic (ILjava/lang/String;Ljava/lang/Double;)I TestDynamicBootstrapArguments.java 66
0x00002cb4 8 TestInvocationKinds <init> ()V TestInvocationKinds.java 25
0x00002b00 12 TestInvocationKinds getInstanceField (LTestInvocationKinds;)D TestInvocationKinds.java 117
0x00002b38 10 TestInvocationKinds getStaticField ()I TestInvocationKinds.java 71
0x00002b70 40 TestInvocationKinds lookupConstructor (Ljava/lang/invoke/MethodHandles$Lookup;Ljava/lang/String;Ljava/lang/invoke/MethodType;)Ljava/lang/invoke/CallSite; TestInvocationKinds.java 183
0x00002ba8 40 TestInvocationKinds lookupInstanceFieldGetter (Ljava/lang/invoke/MethodHandles$Lookup;Ljava/lang/String;Ljava/lang/invoke/MethodType;)Ljava/lang/invoke/CallSite; TestInvocationKinds.java 101
0x00002be0 42 TestInvocationKinds lookupInstanceFieldSetter (Ljava/lang/invoke/MethodHandles$Lookup;Ljava/lang/String;Ljava/lang/invoke/MethodType;)Ljava/lang/invoke/CallSite; TestInvocationKinds.java 78
0x00002c1c 32 TestInvocationKinds lookupStaticFieldGetter (Ljava/lang/invoke/MethodHandles$Lookup;Ljava/lang/String;Ljava/lang/invoke/MethodType;)Ljava/lang/invoke/CallSite; TestInvocationKinds.java 32
0x00002c4c 34 TestInvocationKinds lookupStaticFieldSetter (Ljava/lang/invoke/MethodHandles$Lookup;Ljava/lang/String;Ljava/lang/invoke/MethodType;)Ljava/lang/invoke/CallSite; TestInvocationKinds.java 54
0x00002c80 36 TestInvocationKinds lookupVirtual (Ljava/lang/invoke/MethodHandles$Lookup;Ljava/lang/String;Ljava/lang/invoke/MethodType;)Ljava/lang/invoke/CallSite; TestInvocationKinds.java 146
0x00002ae4 10 TestInvocationKinds makeWidget (I)LTestInvocationKinds$Widget; TestInvocationKinds.java 200
0x00002b54 10 TestInvocationKinds maxIntegerValue (LTestInvocationKinds;II)I TestInvocationKinds.java 159
0x00002ccc 16 TestInvocationKinds setInstanceField (LTestInvocationKinds;D)V TestInvocationKinds.java 94
0x00002cec 8 TestInvocationKinds setStaticField (I)V TestInvocationKinds.java 48
0x00002d04 48 TestInvocationKinds test ()V TestInvocationKinds.java 212
0x00002d44 62 TestInvocationKinds testConstructor ()V TestInvocationKinds.java 205
0x00002d94 88 TestInvocationKinds testInstanceFieldAccessors ()V TestInvocationKinds.java 133
0x00002dfc 50 TestInvocationKinds testInvokeVirtual ()V TestInvocationKinds.java 168
0x00002e40 94 TestInvocationKinds testStaticFieldAccessors ()V TestInvocationKinds.java 122
0x00002b1c 12 TestInvocationKinds getMaxIntegerValue (II)I TestInvocationKinds.java 164
0x00003074 74 TestInvokeCustomWithConcurrentThreads <clinit> ()V TestInvokeCustomWithConcurrentThreads.java 30
0x000030d0 8 TestInvokeCustomWithConcurrentThreads <init> ()V TestInvokeCustomWithConcurrentThreads.java 52
0x0000305c 6 TestInvokeCustomWithConcurrentThreads access$000 ()Ljava/util/concurrent/atomic/AtomicInteger; TestInvokeCustomWithConcurrentThreads.java 27
0x00002f10 26 TestInvokeCustomWithConcurrentThreads getThreadIndex ()I TestInvokeCustomWithConcurrentThreads.java 55
0x00002f88 194 TestInvokeCustomWithConcurrentThreads linkerMethod (Ljava/lang/invoke/MethodHandles$Lookup;Ljava/lang/String;Ljava/lang/invoke/MethodType;)Ljava/lang/invoke/CallSite; TestInvokeCustomWithConcurrentThreads.java 87
0x00002f3c 2 TestInvokeCustomWithConcurrentThreads notUsed (I)I TestInvokeCustomWithConcurrentThreads.java 59
0x00002f50 40 TestInvokeCustomWithConcurrentThreads setCalled (I)I TestInvokeCustomWithConcurrentThreads.java 79
0x0000310c 458 TestInvokeCustomWithConcurrentThreads test ()V TestInvokeCustomWithConcurrentThreads.java 107
0x000030e8 18 TestInvokeCustomWithConcurrentThreads run ()V TestInvokeCustomWithConcurrentThreads.java 63
0x00003414 8 TestLinkerMethodMinimalArguments <clinit> ()V TestLinkerMethodMinimalArguments.java 26
0x0000342c 8 TestLinkerMethodMinimalArguments <init> ()V TestLinkerMethodMinimalArguments.java 25
0x000032e8 46 TestLinkerMethodMinimalArguments _add (II)I TestLinkerMethodMinimalArguments.java 51
0x00003328 10 TestLinkerMethodMinimalArguments add (II)I TestLinkerMethodMinimalArguments.java 45
0x00003344 192 TestLinkerMethodMinimalArguments linkerMethod (Ljava/lang/invoke/MethodHandles$Lookup;Ljava/lang/String;Ljava/lang/invoke/MethodType;)Ljava/lang/invoke/CallSite; TestLinkerMethodMinimalArguments.java 61
0x00003444 136 TestLinkerMethodMinimalArguments test (III)V TestLinkerMethodMinimalArguments.java 78
0x00003628 8 TestLinkerMethodMultipleArgumentTypes <clinit> ()V TestLinkerMethodMultipleArgumentTypes.java 28
0x00003640 8 TestLinkerMethodMultipleArgumentTypes <init> ()V TestLinkerMethodMultipleArgumentTypes.java 26
0x000034f4 6 TestLinkerMethodMultipleArgumentTypes _add (II)I TestLinkerMethodMultipleArgumentTypes.java 74
0x0000350c 10 TestLinkerMethodMultipleArgumentTypes add (II)I TestLinkerMethodMultipleArgumentTypes.java 68
0x00003528 238 TestLinkerMethodMultipleArgumentTypes linkerMethod (Ljava/lang/invoke/MethodHandles$Lookup;Ljava/lang/String;Ljava/lang/invoke/MethodType;IIIIIFDLjava/lang/String;Ljava/lang/Class;J)Ljava/lang/invoke/CallSite; TestLinkerMethodMultipleArgumentTypes.java 93
0x00003658 34 TestLinkerMethodMultipleArgumentTypes test (II)V TestLinkerMethodMultipleArgumentTypes.java 114
0x000034dc 6 TestLinkerMethodMultipleArgumentTypes GetBootstrapRunCount ()I TestLinkerMethodMultipleArgumentTypes.java 110
0x000036f4 8 TestLinkerUnrelatedBSM <init> ()V TestLinkerUnrelatedBSM.java 23
0x0000368c 6 TestLinkerUnrelatedBSM _addf (FF)F TestLinkerUnrelatedBSM.java 47
0x000036a4 6 TestLinkerUnrelatedBSM _subf (FF)F TestLinkerUnrelatedBSM.java 73
0x000036bc 10 TestLinkerUnrelatedBSM addf (FF)F TestLinkerUnrelatedBSM.java 42
0x000036d8 10 TestLinkerUnrelatedBSM subf (FF)F TestLinkerUnrelatedBSM.java 68
0x0000370c 68 TestLinkerUnrelatedBSM test ()V TestLinkerUnrelatedBSM.java 77
0x00003a8c 8 TestVariableArityLinkerMethod <init> ()V TestVariableArityLinkerMethod.java 27
0x00003760 68 TestVariableArityLinkerMethod bsmWithBoxedArray (Ljava/lang/invoke/MethodHandles$Lookup;Ljava/lang/String;Ljava/lang/invoke/MethodType;[Ljava/lang/Integer;)Ljava/lang/invoke/CallSite; TestVariableArityLinkerMethod.java 477
0x000037b4 74 TestVariableArityLinkerMethod bsmWithClassAndFloatArray (Ljava/lang/invoke/MethodHandles$Lookup;Ljava/lang/String;Ljava/lang/invoke/MethodType;Ljava/lang/Class;[F)Ljava/lang/invoke/CallSite; TestVariableArityLinkerMethod.java 294
0x00003810 68 TestVariableArityLinkerMethod bsmWithClassArray (Ljava/lang/invoke/MethodHandles$Lookup;Ljava/lang/String;Ljava/lang/invoke/MethodType;[Ljava/lang/Class;)Ljava/lang/invoke/CallSite; TestVariableArityLinkerMethod.java 367
0x00003864 68 TestVariableArityLinkerMethod bsmWithDoubleArray (Ljava/lang/invoke/MethodHandles$Lookup;Ljava/lang/String;Ljava/lang/invoke/MethodType;[D)Ljava/lang/invoke/CallSite; TestVariableArityLinkerMethod.java 332
0x000038b8 82 TestVariableArityLinkerMethod bsmWithFloatAndLongArray (Ljava/lang/invoke/MethodHandles$Lookup;Ljava/lang/String;Ljava/lang/invoke/MethodType;F[J)Ljava/lang/invoke/CallSite; TestVariableArityLinkerMethod.java 257
0x0000391c 82 TestVariableArityLinkerMethod bsmWithIntAndStringArray (Ljava/lang/invoke/MethodHandles$Lookup;Ljava/lang/String;Ljava/lang/invoke/MethodType;I[Ljava/lang/String;)Ljava/lang/invoke/CallSite; TestVariableArityLinkerMethod.java 133
0x00003980 82 TestVariableArityLinkerMethod bsmWithLongAndIntArray (Ljava/lang/invoke/MethodHandles$Lookup;Ljava/lang/String;Ljava/lang/invoke/MethodType;J[I)Ljava/lang/invoke/CallSite; TestVariableArityLinkerMethod.java 219
0x000039e4 68 TestVariableArityLinkerMethod bsmWithStringArray (Ljava/lang/invoke/MethodHandles$Lookup;Ljava/lang/String;Ljava/lang/invoke/MethodType;[Ljava/lang/String;)Ljava/lang/invoke/CallSite; TestVariableArityLinkerMethod.java 61
0x00003a38 68 TestVariableArityLinkerMethod bsmWithWiderArray (Ljava/lang/invoke/MethodHandles$Lookup;Ljava/lang/String;Ljava/lang/invoke/MethodType;[J)Ljava/lang/invoke/CallSite; TestVariableArityLinkerMethod.java 447
0x00003aa4 16 TestVariableArityLinkerMethod methodA ()V TestVariableArityLinkerMethod.java 86
0x00003ac4 16 TestVariableArityLinkerMethod methodB ()V TestVariableArityLinkerMethod.java 105
0x00003ae4 16 TestVariableArityLinkerMethod methodC ()V TestVariableArityLinkerMethod.java 123
0x00003b04 16 TestVariableArityLinkerMethod methodD ()V TestVariableArityLinkerMethod.java 166
0x00003b24 16 TestVariableArityLinkerMethod methodE ()V TestVariableArityLinkerMethod.java 189
0x00003b44 16 TestVariableArityLinkerMethod methodF ()V TestVariableArityLinkerMethod.java 209
0x00003b64 16 TestVariableArityLinkerMethod methodG ()V TestVariableArityLinkerMethod.java 247
0x00003b84 16 TestVariableArityLinkerMethod methodH ()V TestVariableArityLinkerMethod.java 284
0x00003ba4 16 TestVariableArityLinkerMethod methodI ()V TestVariableArityLinkerMethod.java 323
0x00003bc4 16 TestVariableArityLinkerMethod methodJ ()V TestVariableArityLinkerMethod.java 358
0x00003be4 16 TestVariableArityLinkerMethod methodK ()V TestVariableArityLinkerMethod.java 392
0x00003c04 8 TestVariableArityLinkerMethod methodO ()V TestVariableArityLinkerMethod.java 413
0x00003c1c 8 TestVariableArityLinkerMethod methodP ()V TestVariableArityLinkerMethod.java 441
0x00003c34 8 TestVariableArityLinkerMethod methodQ ()V TestVariableArityLinkerMethod.java 468
0x00003c4c 8 TestVariableArityLinkerMethod methodR ()V TestVariableArityLinkerMethod.java 501
0x00003c64 318 TestVariableArityLinkerMethod printBsmArgs (Ljava/lang/String;[Ljava/lang/Object;)V TestVariableArityLinkerMethod.java 29
0x00003db4 448 TestVariableArityLinkerMethod test ()V TestVariableArityLinkerMethod.java 506
